#
# There is insufficient memory for the Java Runtime Environment to continue.
# Native memory allocation (mmap) failed to map 65536 bytes. Error detail: Failed to commit metaspace.
# Possible reasons:
#   The system is out of physical RAM or swap space
# Possible solutions:
#   Reduce memory load on the system
#   Increase physical memory or swap space
#   Check if swap backing store is full
#   Decrease Java heap size (-Xmx/-Xms)
#   Decrease number of Java threads
#   Decrease Java thread stack sizes (-Xss)
#   Set larger code cache with -XX:ReservedCodeCacheSize=
# This output file may be truncated or incomplete.
#
#  Out of Memory Error (virtualSpaceNode.cpp:113), pid=22916, tid=18608
#
# JRE version: OpenJDK Runtime Environment Temurin-21.0.12.1+1 (21.0.12.1+1) (build 21.0.12.1+1-LTS)
# Java VM: OpenJDK 64-Bit Server VM Temurin-21.0.12.1+1 (21.0.12.1+1-LTS, mixed mode, sharing, tiered, compressed class ptrs, parallel gc, windows-amd64)
# No core dump will be written. Minidumps are not enabled by default on client versions of Windows
#

---------------  S U M M A R Y ------------

Command Line: --add-modules=ALL-SYSTEM --add-opens=java.base/java.util=ALL-UNNAMED --add-opens=java.base/java.lang=ALL-UNNAMED --add-opens=java.base/sun.nio.fs=ALL-UNNAMED -Declipse.application=org.eclipse.jdt.ls.core.id1 -Dosgi.bundles.defaultStartLevel=4 -Declipse.product=org.eclipse.jdt.ls.core.product -Djava.import.generatesMetadataFilesAtProjectRoot=false -Dm2e.project.cache.size=50 -DDetectVMInstallationsJob.disabled=true -Dfile.encoding=utf8 -XX:+UseParallelGC -XX:GCTimeRatio=4 -XX:AdaptiveSizePolicyWeight=90 -Dsun.zip.disableMemoryMapping=true -Xmx64G -Xms100m -Xlog:disable -javaagent:c:\Users\jyoti\.vscode\extensions\redhat.java-1.56.0-win32-x64\lombok\lombok-1.18.39-4050.jar c:\Users\jyoti\.vscode\extensions\redhat.java-1.56.0-win32-x64\server\plugins\org.eclipse.equinox.launcher_1.8.0.v20260804-1928.jar -configuration c:\Users\jyoti\AppData\Roaming\Code\User\globalStorage\redhat.java\1.56.0\config_ss_win -data c:\Users\jyoti\AppData\Roaming\Code\User\workspaceStorage\6018263688046f79c52b8031de34256b\redhat.java\ss_ws --pipe=\\.\pipe\lsp-17d752eb7efceb46094ba4e72032bc0b-sock

Host: 11th Gen Intel(R) Core(TM) i3-1115G4 @ 3.00GHz, 4 cores, 7G,  Windows 11 , 64 bit Build 26100 (10.0.26100.9444)
Time: Wed Sep 23 12:34:09 2026 India Standard Time elapsed time: 41.513467 seconds (0d 0h 0m 41s)

---------------  T H R E A D  ---------------

Current thread (0x000001ee67359b10):  JavaThread "C1 CompilerThread0" daemon [_thread_in_vm, id=18608, stack(0x000000dc1dd00000,0x000000dc1de00000) (1024K)]


Current CompileTask:
C1:41513 3324       3       com.sun.org.apache.xerces.internal.util.ParserConfigurationSettings::checkProperty (51 bytes)

Stack: [0x000000dc1dd00000,0x000000dc1de00000]
Native frames: (J=compiled Java code, j=interpreted, Vv=VM code, C=native code)
V  [jvm.dll+0x6d83e9]
V  [jvm.dll+0x8b5736]
V  [jvm.dll+0x8b7cee]
V  [jvm.dll+0x8b83d3]
V  [jvm.dll+0x284596]
V  [jvm.dll+0x8b147e]
V  [jvm.dll+0x679ad4]
V  [jvm.dll+0x679b3a]
V  [jvm.dll+0x67c336]
V  [jvm.dll+0x67c202]
V  [jvm.dll+0x67a4ae]
V  [jvm.dll+0x68b8ba]
V  [jvm.dll+0x684a32]
V  [jvm.dll+0x1f6540]
V  [jvm.dll+0x1f6728]
V  [jvm.dll+0x156cde]
V  [jvm.dll+0x156fe4]
V  [jvm.dll+0x1563fc]
V  [jvm.dll+0x15818d]
V  [jvm.dll+0x25baad]
V  [jvm.dll+0x25a03a]
V  [jvm.dll+0x3f8aae]
V  [jvm.dll+0x8600cd]
V  [jvm.dll+0x6d6c1d]
C  [ucrtbase.dll+0x2cd30]
C  [KERNEL32.DLL+0x2cd87]
C  [ntdll.dll+0xacaec]


---------------  P R O C E S S  ---------------

Threads class SMR info:
_java_thread_list=0x000001eeaecedf50, length=25, elements={
0x000001ddccf6a460, 0x000001ee67337f30, 0x000001ee6733b420, 0x000001ee67342fb0,
0x000001ee67343c10, 0x000001ee67349670, 0x000001ee6734d700, 0x000001ee67351be0,
0x000001ee67359b10, 0x000001eead1b3370, 0x000001eead26bde0, 0x000001eeadacf780,
0x000001eead4d8440, 0x000001eead35a910, 0x000001ee673fa950, 0x000001eeadd71fe0,
0x000001eead7855b0, 0x000001eead7864c0, 0x000001eead6ef1f0, 0x000001eead6ec400,
0x000001eead6eca90, 0x000001eead6ed120, 0x000001eead6ed7b0, 0x000001eead6ede40,
0x000001eead6ee4d0
}

Java Threads: ( => current thread )
  0x000001ddccf6a460 JavaThread "main"                              [_thread_blocked, id=23852, stack(0x000000dc1d200000,0x000000dc1d300000) (1024K)]
  0x000001ee67337f30 JavaThread "Reference Handler"          daemon [_thread_blocked, id=24752, stack(0x000000dc1d600000,0x000000dc1d700000) (1024K)]
  0x000001ee6733b420 JavaThread "Finalizer"                  daemon [_thread_blocked, id=12908, stack(0x000000dc1d700000,0x000000dc1d800000) (1024K)]
  0x000001ee67342fb0 JavaThread "Signal Dispatcher"          daemon [_thread_blocked, id=13012, stack(0x000000dc1d800000,0x000000dc1d900000) (1024K)]
  0x000001ee67343c10 JavaThread "Attach Listener"            daemon [_thread_blocked, id=12292, stack(0x000000dc1d900000,0x000000dc1da00000) (1024K)]
  0x000001ee67349670 JavaThread "Service Thread"             daemon [_thread_blocked, id=14924, stack(0x000000dc1da00000,0x000000dc1db00000) (1024K)]
  0x000001ee6734d700 JavaThread "Monitor Deflation Thread"   daemon [_thread_blocked, id=12920, stack(0x000000dc1db00000,0x000000dc1dc00000) (1024K)]
  0x000001ee67351be0 JavaThread "C2 CompilerThread0"         daemon [_thread_blocked, id=29400, stack(0x000000dc1dc00000,0x000000dc1dd00000) (1024K)]
=>0x000001ee67359b10 JavaThread "C1 CompilerThread0"         daemon [_thread_in_vm, id=18608, stack(0x000000dc1dd00000,0x000000dc1de00000) (1024K)]
  0x000001eead1b3370 JavaThread "Common-Cleaner"             daemon [_thread_blocked, id=13256, stack(0x000000dc1df00000,0x000000dc1e000000) (1024K)]
  0x000001eead26bde0 JavaThread "Notification Thread"        daemon [_thread_blocked, id=25588, stack(0x000000dc1de00000,0x000000dc1df00000) (1024K)]
  0x000001eeadacf780 JavaThread "Active Thread: Equinox Container: 59df8a34-5a83-4039-bd4e-79e9a2845279"        [_thread_blocked, id=29204, stack(0x000000dc1e300000,0x000000dc1e400000) (1024K)]
  0x000001eead4d8440 JavaThread "Framework Event Dispatcher: Equinox Container: 59df8a34-5a83-4039-bd4e-79e9a2845279" daemon [_thread_blocked, id=20172, stack(0x000000dc1e400000,0x000000dc1e500000) (1024K)]
  0x000001eead35a910 JavaThread "Start Level: Equinox Container: 59df8a34-5a83-4039-bd4e-79e9a2845279" daemon [_thread_blocked, id=9208, stack(0x000000dc1e500000,0x000000dc1e600000) (1024K)]
  0x000001ee673fa950 JavaThread "SCR Component Actor"        daemon [_thread_blocked, id=27664, stack(0x000000dc1e600000,0x000000dc1e700000) (1024K)]
  0x000001eeadd71fe0 JavaThread "Worker-JM"                         [_thread_blocked, id=17576, stack(0x000000dc1e700000,0x000000dc1e800000) (1024K)]
  0x000001eead7855b0 JavaThread "JNA Cleaner"                daemon [_thread_blocked, id=19088, stack(0x000000dc1e800000,0x000000dc1e900000) (1024K)]
  0x000001eead7864c0 JavaThread "Worker-0"                          [_thread_blocked, id=9248, stack(0x000000dc1e900000,0x000000dc1ea00000) (1024K)]
  0x000001eead6ef1f0 JavaThread "Worker-1: Initialize After Load"        [_thread_in_vm, id=11056, stack(0x000000dc1ea00000,0x000000dc1eb00000) (1024K)]
  0x000001eead6ec400 JavaThread "Thread-1"                   daemon [_thread_in_native, id=22416, stack(0x000000dc1ed00000,0x000000dc1ee00000) (1024K)]
  0x000001eead6eca90 JavaThread "Thread-2"                   daemon [_thread_in_native, id=27488, stack(0x000000dc1ee00000,0x000000dc1ef00000) (1024K)]
  0x000001eead6ed120 JavaThread "Thread-3"                   daemon [_thread_in_native, id=17896, stack(0x000000dc1ef00000,0x000000dc1f000000) (1024K)]
  0x000001eead6ed7b0 JavaThread "Thread-4"                   daemon [_thread_in_native, id=4704, stack(0x000000dc1f000000,0x000000dc1f100000) (1024K)]
  0x000001eead6ede40 JavaThread "Thread-5"                   daemon [_thread_in_native, id=18508, stack(0x000000dc1f100000,0x000000dc1f200000) (1024K)]
  0x000001eead6ee4d0 JavaThread "Framework stop - Equinox Container: 59df8a34-5a83-4039-bd4e-79e9a2845279"        [_thread_in_vm, id=27248, stack(0x000000dc1f200000,0x000000dc1f300000) (1024K)]
Total: 25

Other Threads:
  0x000001ddcd02c570 VMThread "VM Thread"                           [id=17248, stack(0x000000dc1d500000,0x000000dc1d600000) (1024K)] _threads_hazard_ptr=0x000001eeaecedf50
  0x000001ddccfd7520 WatcherThread "VM Periodic Task Thread"        [id=14960, stack(0x000000dc1d400000,0x000000dc1d500000) (1024K)]
  0x000001ddccf88960 WorkerThread "GC Thread#0"                     [id=25244, stack(0x000000dc1d300000,0x000000dc1d400000) (1024K)]
  0x000001eead325bf0 WorkerThread "GC Thread#1"                     [id=28816, stack(0x000000dc1e000000,0x000000dc1e100000) (1024K)]
  0x000001eead3a8420 WorkerThread "GC Thread#2"                     [id=25640, stack(0x000000dc1e100000,0x000000dc1e200000) (1024K)]
  0x000001eead4ded80 WorkerThread "GC Thread#3"                     [id=16912, stack(0x000000dc1e200000,0x000000dc1e300000) (1024K)]
Total: 6

Threads with active compile tasks:
C1 CompilerThread0  41776 3324       3       com.sun.org.apache.xerces.internal.util.ParserConfigurationSettings::checkProperty (51 bytes)
Total: 1

VM state: synchronizing (normal execution)

VM Mutex/Monitor currently owned by a thread:  ([mutex/lock_event])
[0x00007ffbb8fad530] Metaspace_lock - owner thread: 0x000001ee67359b10
[0x00007ffbb8faf5b0] Threads_lock - owner thread: 0x000001ddcd02c570

CDS archive(s) mapped at: [0x000001ee68000000-0x000001ee68ba0000-0x000001ee68ba0000), size 12189696, SharedBaseAddress: 0x000001ee68000000, ArchiveRelocationMode: 1.
Compressed class space mapped at: 0x000001ee69000000-0x000001eea9000000, reserved size: 1073741824
Narrow klass base: 0x000001ee68000000, Narrow klass shift: 0, Narrow klass range: 0x100000000

GC Precious Log:
 CardTable entry size: 512
 CPUs: 4 total, 4 available
 Memory: 7926M
 Large Page Support: Disabled
 NUMA Support: Disabled
 Compressed Oops: Disabled
 Alignments: Space 512K, Generation 512K, Heap 2M
 Heap Min Capacity: 100M
 Heap Initial Capacity: 100M
 Heap Max Capacity: 64G
 Pre-touch: Disabled
 Parallel Workers: 4

Heap:
 PSYoungGen      total 27136K, used 20040K [0x000001e889d00000, 0x000001e88c180000, 0x000001eddf200000)
  eden space 23552K, 69% used [0x000001e889d00000,0x000001e88ad14ea8,0x000001e88b400000)
  from space 3584K, 99% used [0x000001e88ba80000,0x000001e88bdfd1b8,0x000001e88be00000)
  to   space 6656K, 0% used [0x000001e88b400000,0x000001e88b400000,0x000001e88ba80000)
 ParOldGen       total 68608K, used 14005K [0x000001dddf200000, 0x000001dde3500000, 0x000001e889d00000)
  object space 68608K, 20% used [0x000001dddf200000,0x000001dddffad718,0x000001dde3500000)
 Metaspace       used 26800K, committed 27520K, reserved 1114112K
  class space    used 2629K, committed 2944K, reserved 1048576K

Card table byte_map: [0x000001dd80000000,0x000001dd88010000] _byte_map_base: 0x000001dc91107000

Marking Bits: (ParMarkBitMap*) 0x00007ffbb8fb44a0
 Begin Bits: [0x000001eddf200000, 0x000001ee1f200000)
 End Bits:   [0x000001ee1f200000, 0x000001ee5f200000)

Polling page: 0x000001ddcad70000

Metaspace:

Usage:
  Non-class:     23.60 MB used.
      Class:      2.57 MB used.
       Both:     26.17 MB used.

Virtual space:
  Non-class space:       64.00 MB reserved,      24.00 MB ( 38%) committed,  1 nodes.
      Class space:        1.00 GB reserved,       2.88 MB ( <1%) committed,  1 nodes.
             Both:        1.06 GB reserved,      26.88 MB (  2%) committed. 

Chunk freelists:
   Non-Class:  7.62 MB
       Class:  13.13 MB
        Both:  20.76 MB

MaxMetaspaceSize: unlimited
CompressedClassSpaceSize: 1.00 GB
Initial GC threshold: 21.00 MB
Current GC threshold: 35.00 MB
CDS: on
 - commit_granule_bytes: 65536.
 - commit_granule_words: 8192.
 - virtual_space_node_default_size: 8388608.
 - enlarge_chunks_in_place: 1.
 - use_allocation_guard: 0.


Internal statistics:

num_allocs_failed_limit: 3.
num_arena_births: 554.
num_arena_deaths: 14.
num_vsnodes_births: 2.
num_vsnodes_deaths: 0.
num_space_committed: 430.
num_space_uncommitted: 0.
num_chunks_returned_to_freelist: 17.
num_chunks_taken_from_freelist: 1565.
num_chunk_merges: 9.
num_chunk_splits: 1026.
num_chunks_enlarged: 677.
num_inconsistent_stats: 0.

CodeHeap 'non-profiled nmethods': size=120000Kb used=1507Kb max_used=1507Kb free=118492Kb
 bounds [0x000001ddd7c40000, 0x000001ddd7eb0000, 0x000001dddf170000]
CodeHeap 'profiled nmethods': size=120000Kb used=6568Kb max_used=6568Kb free=113431Kb
 bounds [0x000001ddd0170000, 0x000001ddd07e0000, 0x000001ddd76a0000]
CodeHeap 'non-nmethods': size=5760Kb used=1348Kb max_used=1370Kb free=4411Kb
 bounds [0x000001ddd76a0000, 0x000001ddd7910000, 0x000001ddd7c40000]
CodeCache: size=245760Kb, used=9423Kb, max_used=9445Kb, free=236334Kb
 total_blobs=3955, nmethods=3326, adapters=535, full_count=0
Compilation: enabled, stopped_count=0, restarted_count=0

Compilation events (20 events):
Event: 39.366 Thread 0x000001ee67359b10 3319       3       java.lang.invoke.DirectMethodHandle$Holder::invokeStatic (14 bytes)
Event: 39.366 Thread 0x000001ee67359b10 nmethod 3319 0x000001ddd07d5810 code [0x000001ddd07d59e0, 0x000001ddd07d5d90]
Event: 39.366 Thread 0x000001ee67359b10 3320       3       java.lang.invoke.LambdaForm$MH/0x000001ee6901e000::invoke (45 bytes)
Event: 39.366 Thread 0x000001ee67359b10 nmethod 3320 0x000001ddd07d5e90 code [0x000001ddd07d6080, 0x000001ddd07d66a0]
Event: 39.369 Thread 0x000001ee67359b10 3322       3       com.sun.org.apache.xerces.internal.impl.XMLScanner::setProperty (94 bytes)
Event: 39.371 Thread 0x000001ee67359b10 nmethod 3322 0x000001ddd07d6810 code [0x000001ddd07d6a80, 0x000001ddd07d7548]
Event: 39.371 Thread 0x000001ee67359b10 3323       3       java.util.concurrent.locks.ReentrantReadWriteLock$Sync::tryAcquireShared (177 bytes)
Event: 39.372 Thread 0x000001ee67359b10 nmethod 3323 0x000001ddd07d7890 code [0x000001ddd07d7b20, 0x000001ddd07d8838]
Event: 39.372 Thread 0x000001ee67359b10 3325       3       com.sun.org.apache.xerces.internal.impl.XMLEntityScanner::normalizeNewlines (505 bytes)
Event: 39.374 Thread 0x000001ee67359b10 nmethod 3325 0x000001ddd07d8c90 code [0x000001ddd07d8f00, 0x000001ddd07d9b50]
Event: 39.374 Thread 0x000001ee67359b10 3328       3       java.nio.Buffer::hasRemaining (17 bytes)
Event: 39.374 Thread 0x000001ee67359b10 nmethod 3328 0x000001ddd07da010 code [0x000001ddd07da1a0, 0x000001ddd07da308]
Event: 39.374 Thread 0x000001ee67359b10 3324       3       com.sun.org.apache.xerces.internal.util.ParserConfigurationSettings::checkProperty (51 bytes)
Event: 39.378 Thread 0x000001ee67351be0 nmethod 3318 0x000001ddd7db5690 code [0x000001ddd7db5820, 0x000001ddd7db5a98]
Event: 39.378 Thread 0x000001ee67351be0 3326       4       jdk.internal.loader.BuiltinClassLoader::moduleReaderFor (45 bytes)
Event: 39.385 Thread 0x000001ee67351be0 nmethod 3326 0x000001ddd7db5c10 code [0x000001ddd7db5de0, 0x000001ddd7db60f8]
Event: 39.386 Thread 0x000001ee67351be0 3327       4       jdk.internal.module.SystemModuleFinders$SystemModuleReader::find (59 bytes)
Event: 39.427 Thread 0x000001ee67351be0 nmethod 3327 0x000001ddd7db6490 code [0x000001ddd7db6720, 0x000001ddd7db79f8]
Event: 39.427 Thread 0x000001ee67351be0 3321       4       java.util.LinkedHashMap$LinkedHashIterator::nextNode (68 bytes)
Event: 39.429 Thread 0x000001ee67351be0 nmethod 3321 0x000001ddd7db8890 code [0x000001ddd7db8a20, 0x000001ddd7db8b50]

GC Heap History (18 events):
Event: 4.382 GC heap before
{Heap before GC invocations=1 (full 0):
 PSYoungGen      total 29696K, used 25600K [0x000001e889d00000, 0x000001e88be00000, 0x000001eddf200000)
  eden space 25600K, 100% used [0x000001e889d00000,0x000001e88b600000,0x000001e88b600000)
  from space 4096K, 0% used [0x000001e88ba00000,0x000001e88ba00000,0x000001e88be00000)
  to   space 4096K, 0% used [0x000001e88b600000,0x000001e88b600000,0x000001e88ba00000)
 ParOldGen       total 68608K, used 0K [0x000001dddf200000, 0x000001dde3500000, 0x000001e889d00000)
  object space 68608K, 0% used [0x000001dddf200000,0x000001dddf200000,0x000001dde3500000)
 Metaspace       used 4162K, committed 4416K, reserved 1114112K
  class space    used 459K, committed 576K, reserved 1048576K
}
Event: 4.449 GC heap after
{Heap after GC invocations=1 (full 0):
 PSYoungGen      total 29696K, used 3954K [0x000001e889d00000, 0x000001e88be00000, 0x000001eddf200000)
  eden space 25600K, 0% used [0x000001e889d00000,0x000001e889d00000,0x000001e88b600000)
  from space 4096K, 96% used [0x000001e88b600000,0x000001e88b9dc9a0,0x000001e88ba00000)
  to   space 4096K, 0% used [0x000001e88ba00000,0x000001e88ba00000,0x000001e88be00000)
 ParOldGen       total 68608K, used 0K [0x000001dddf200000, 0x000001dde3500000, 0x000001e889d00000)
  object space 68608K, 0% used [0x000001dddf200000,0x000001dddf200000,0x000001dde3500000)
 Metaspace       used 4162K, committed 4416K, reserved 1114112K
  class space    used 459K, committed 576K, reserved 1048576K
}
Event: 6.532 GC heap before
{Heap before GC invocations=2 (full 0):
 PSYoungGen      total 29696K, used 29554K [0x000001e889d00000, 0x000001e88be00000, 0x000001eddf200000)
  eden space 25600K, 100% used [0x000001e889d00000,0x000001e88b600000,0x000001e88b600000)
  from space 4096K, 96% used [0x000001e88b600000,0x000001e88b9dc9a0,0x000001e88ba00000)
  to   space 4096K, 0% used [0x000001e88ba00000,0x000001e88ba00000,0x000001e88be00000)
 ParOldGen       total 68608K, used 0K [0x000001dddf200000, 0x000001dde3500000, 0x000001e889d00000)
  object space 68608K, 0% used [0x000001dddf200000,0x000001dddf200000,0x000001dde3500000)
 Metaspace       used 7584K, committed 7872K, reserved 1114112K
  class space    used 788K, committed 896K, reserved 1048576K
}
Event: 6.540 GC heap after
{Heap after GC invocations=2 (full 0):
 PSYoungGen      total 29696K, used 4070K [0x000001e889d00000, 0x000001e88be00000, 0x000001eddf200000)
  eden space 25600K, 0% used [0x000001e889d00000,0x000001e889d00000,0x000001e88b600000)
  from space 4096K, 99% used [0x000001e88ba00000,0x000001e88bdf9840,0x000001e88be00000)
  to   space 4096K, 0% used [0x000001e88b600000,0x000001e88b600000,0x000001e88ba00000)
 ParOldGen       total 68608K, used 2345K [0x000001dddf200000, 0x000001dde3500000, 0x000001e889d00000)
  object space 68608K, 3% used [0x000001dddf200000,0x000001dddf44a6d0,0x000001dde3500000)
 Metaspace       used 7584K, committed 7872K, reserved 1114112K
  class space    used 788K, committed 896K, reserved 1048576K
}
Event: 26.925 GC heap before
{Heap before GC invocations=3 (full 0):
 PSYoungGen      total 29696K, used 29670K [0x000001e889d00000, 0x000001e88be00000, 0x000001eddf200000)
  eden space 25600K, 100% used [0x000001e889d00000,0x000001e88b600000,0x000001e88b600000)
  from space 4096K, 99% used [0x000001e88ba00000,0x000001e88bdf9840,0x000001e88be00000)
  to   space 4096K, 0% used [0x000001e88b600000,0x000001e88b600000,0x000001e88ba00000)
 ParOldGen       total 68608K, used 2345K [0x000001dddf200000, 0x000001dde3500000, 0x000001e889d00000)
  object space 68608K, 3% used [0x000001dddf200000,0x000001dddf44a6d0,0x000001dde3500000)
 Metaspace       used 11684K, committed 12096K, reserved 1114112K
  class space    used 1253K, committed 1408K, reserved 1048576K
}
Event: 26.935 GC heap after
{Heap after GC invocations=3 (full 0):
 PSYoungGen      total 29696K, used 4083K [0x000001e889d00000, 0x000001e88be00000, 0x000001eddf200000)
  eden space 25600K, 0% used [0x000001e889d00000,0x000001e889d00000,0x000001e88b600000)
  from space 4096K, 99% used [0x000001e88b600000,0x000001e88b9fcce0,0x000001e88ba00000)
  to   space 4096K, 0% used [0x000001e88ba00000,0x000001e88ba00000,0x000001e88be00000)
 ParOldGen       total 68608K, used 3716K [0x000001dddf200000, 0x000001dde3500000, 0x000001e889d00000)
  object space 68608K, 5% used [0x000001dddf200000,0x000001dddf5a1280,0x000001dde3500000)
 Metaspace       used 11684K, committed 12096K, reserved 1114112K
  class space    used 1253K, committed 1408K, reserved 1048576K
}
Event: 30.917 GC heap before
{Heap before GC invocations=4 (full 0):
 PSYoungGen      total 29696K, used 29683K [0x000001e889d00000, 0x000001e88be00000, 0x000001eddf200000)
  eden space 25600K, 100% used [0x000001e889d00000,0x000001e88b600000,0x000001e88b600000)
  from space 4096K, 99% used [0x000001e88b600000,0x000001e88b9fcce0,0x000001e88ba00000)
  to   space 4096K, 0% used [0x000001e88ba00000,0x000001e88ba00000,0x000001e88be00000)
 ParOldGen       total 68608K, used 3716K [0x000001dddf200000, 0x000001dde3500000, 0x000001e889d00000)
  object space 68608K, 5% used [0x000001dddf200000,0x000001dddf5a1280,0x000001dde3500000)
 Metaspace       used 15360K, committed 16000K, reserved 1114112K
  class space    used 1624K, committed 1920K, reserved 1048576K
}
Event: 30.929 GC heap after
{Heap after GC invocations=4 (full 0):
 PSYoungGen      total 29696K, used 4075K [0x000001e889d00000, 0x000001e88be00000, 0x000001eddf200000)
  eden space 25600K, 0% used [0x000001e889d00000,0x000001e889d00000,0x000001e88b600000)
  from space 4096K, 99% used [0x000001e88ba00000,0x000001e88bdfafc0,0x000001e88be00000)
  to   space 4096K, 0% used [0x000001e88b600000,0x000001e88b600000,0x000001e88ba00000)
 ParOldGen       total 68608K, used 6162K [0x000001dddf200000, 0x000001dde3500000, 0x000001e889d00000)
  object space 68608K, 8% used [0x000001dddf200000,0x000001dddf804a18,0x000001dde3500000)
 Metaspace       used 15360K, committed 16000K, reserved 1114112K
  class space    used 1624K, committed 1920K, reserved 1048576K
}
Event: 33.253 GC heap before
{Heap before GC invocations=5 (full 0):
 PSYoungGen      total 29696K, used 29675K [0x000001e889d00000, 0x000001e88be00000, 0x000001eddf200000)
  eden space 25600K, 100% used [0x000001e889d00000,0x000001e88b600000,0x000001e88b600000)
  from space 4096K, 99% used [0x000001e88ba00000,0x000001e88bdfafc0,0x000001e88be00000)
  to   space 4096K, 0% used [0x000001e88b600000,0x000001e88b600000,0x000001e88ba00000)
 ParOldGen       total 68608K, used 6162K [0x000001dddf200000, 0x000001dde3500000, 0x000001e889d00000)
  object space 68608K, 8% used [0x000001dddf200000,0x000001dddf804a18,0x000001dde3500000)
 Metaspace       used 17499K, committed 18176K, reserved 1114112K
  class space    used 1827K, committed 2112K, reserved 1048576K
}
Event: 33.268 GC heap after
{Heap after GC invocations=5 (full 0):
 PSYoungGen      total 29184K, used 4075K [0x000001e889d00000, 0x000001e88c280000, 0x000001eddf200000)
  eden space 25088K, 0% used [0x000001e889d00000,0x000001e889d00000,0x000001e88b580000)
  from space 4096K, 99% used [0x000001e88b600000,0x000001e88b9faeb8,0x000001e88ba00000)
  to   space 6656K, 0% used [0x000001e88bc00000,0x000001e88bc00000,0x000001e88c280000)
 ParOldGen       total 68608K, used 8535K [0x000001dddf200000, 0x000001dde3500000, 0x000001e889d00000)
  object space 68608K, 12% used [0x000001dddf200000,0x000001dddfa55d30,0x000001dde3500000)
 Metaspace       used 17499K, committed 18176K, reserved 1114112K
  class space    used 1827K, committed 2112K, reserved 1048576K
}
Event: 34.220 GC heap before
{Heap before GC invocations=6 (full 0):
 PSYoungGen      total 29184K, used 25665K [0x000001e889d00000, 0x000001e88c280000, 0x000001eddf200000)
  eden space 25088K, 86% used [0x000001e889d00000,0x000001e88b215900,0x000001e88b580000)
  from space 4096K, 99% used [0x000001e88b600000,0x000001e88b9faeb8,0x000001e88ba00000)
  to   space 6656K, 0% used [0x000001e88bc00000,0x000001e88bc00000,0x000001e88c280000)
 ParOldGen       total 68608K, used 8535K [0x000001dddf200000, 0x000001dde3500000, 0x000001e889d00000)
  object space 68608K, 12% used [0x000001dddf200000,0x000001dddfa55d30,0x000001dde3500000)
 Metaspace       used 20889K, committed 21504K, reserved 1114112K
  class space    used 2073K, committed 2368K, reserved 1048576K
}
Event: 34.232 GC heap after
{Heap after GC invocations=6 (full 0):
 PSYoungGen      total 30720K, used 5148K [0x000001e889d00000, 0x000001e88c180000, 0x000001eddf200000)
  eden space 25088K, 0% used [0x000001e889d00000,0x000001e889d00000,0x000001e88b580000)
  from space 5632K, 91% used [0x000001e88bc00000,0x000001e88c1070a0,0x000001e88c180000)
  to   space 5632K, 0% used [0x000001e88b680000,0x000001e88b680000,0x000001e88bc00000)
 ParOldGen       total 68608K, used 8535K [0x000001dddf200000, 0x000001dde3500000, 0x000001e889d00000)
  object space 68608K, 12% used [0x000001dddf200000,0x000001dddfa55d30,0x000001dde3500000)
 Metaspace       used 20889K, committed 21504K, reserved 1114112K
  class space    used 2073K, committed 2368K, reserved 1048576K
}
Event: 34.232 GC heap before
{Heap before GC invocations=7 (full 1):
 PSYoungGen      total 30720K, used 5148K [0x000001e889d00000, 0x000001e88c180000, 0x000001eddf200000)
  eden space 25088K, 0% used [0x000001e889d00000,0x000001e889d00000,0x000001e88b580000)
  from space 5632K, 91% used [0x000001e88bc00000,0x000001e88c1070a0,0x000001e88c180000)
  to   space 5632K, 0% used [0x000001e88b680000,0x000001e88b680000,0x000001e88bc00000)
 ParOldGen       total 68608K, used 8535K [0x000001dddf200000, 0x000001dde3500000, 0x000001e889d00000)
  object space 68608K, 12% used [0x000001dddf200000,0x000001dddfa55d30,0x000001dde3500000)
 Metaspace       used 20889K, committed 21504K, reserved 1114112K
  class space    used 2073K, committed 2368K, reserved 1048576K
}
Event: 34.292 GC heap after
{Heap after GC invocations=7 (full 1):
 PSYoungGen      total 30720K, used 0K [0x000001e889d00000, 0x000001e88c180000, 0x000001eddf200000)
  eden space 25088K, 0% used [0x000001e889d00000,0x000001e889d00000,0x000001e88b580000)
  from space 5632K, 0% used [0x000001e88bc00000,0x000001e88bc00000,0x000001e88c180000)
  to   space 5632K, 0% used [0x000001e88b680000,0x000001e88b680000,0x000001e88bc00000)
 ParOldGen       total 68608K, used 11473K [0x000001dddf200000, 0x000001dde3500000, 0x000001e889d00000)
  object space 68608K, 16% used [0x000001dddf200000,0x000001dddfd34778,0x000001dde3500000)
 Metaspace       used 20876K, committed 21504K, reserved 1114112K
  class space    used 2070K, committed 2368K, reserved 1048576K
}
Event: 34.776 GC heap before
{Heap before GC invocations=8 (full 1):
 PSYoungGen      total 30720K, used 25084K [0x000001e889d00000, 0x000001e88c180000, 0x000001eddf200000)
  eden space 25088K, 99% used [0x000001e889d00000,0x000001e88b57f2a8,0x000001e88b580000)
  from space 5632K, 0% used [0x000001e88bc00000,0x000001e88bc00000,0x000001e88c180000)
  to   space 5632K, 0% used [0x000001e88b680000,0x000001e88b680000,0x000001e88bc00000)
 ParOldGen       total 68608K, used 11473K [0x000001dddf200000, 0x000001dde3500000, 0x000001e889d00000)
  object space 68608K, 16% used [0x000001dddf200000,0x000001dddfd34778,0x000001dde3500000)
 Metaspace       used 21949K, committed 22592K, reserved 1114112K
  class space    used 2138K, committed 2432K, reserved 1048576K
}
Event: 34.781 GC heap after
{Heap after GC invocations=8 (full 1):
 PSYoungGen      total 28672K, used 3665K [0x000001e889d00000, 0x000001e88be00000, 0x000001eddf200000)
  eden space 24576K, 0% used [0x000001e889d00000,0x000001e889d00000,0x000001e88b500000)
  from space 4096K, 89% used [0x000001e88b680000,0x000001e88ba14570,0x000001e88ba80000)
  to   space 3584K, 0% used [0x000001e88ba80000,0x000001e88ba80000,0x000001e88be00000)
 ParOldGen       total 68608K, used 11481K [0x000001dddf200000, 0x000001dde3500000, 0x000001e889d00000)
  object space 68608K, 16% used [0x000001dddf200000,0x000001dddfd36778,0x000001dde3500000)
 Metaspace       used 21949K, committed 22592K, reserved 1114112K
  class space    used 2138K, committed 2432K, reserved 1048576K
}
Event: 36.631 GC heap before
{Heap before GC invocations=9 (full 1):
 PSYoungGen      total 28672K, used 28241K [0x000001e889d00000, 0x000001e88be00000, 0x000001eddf200000)
  eden space 24576K, 100% used [0x000001e889d00000,0x000001e88b500000,0x000001e88b500000)
  from space 4096K, 89% used [0x000001e88b680000,0x000001e88ba14570,0x000001e88ba80000)
  to   space 3584K, 0% used [0x000001e88ba80000,0x000001e88ba80000,0x000001e88be00000)
 ParOldGen       total 68608K, used 11481K [0x000001dddf200000, 0x000001dde3500000, 0x000001e889d00000)
  object space 68608K, 16% used [0x000001dddf200000,0x000001dddfd36778,0x000001dde3500000)
 Metaspace       used 24881K, committed 25600K, reserved 1114112K
  class space    used 2407K, committed 2688K, reserved 1048576K
}
Event: 36.639 GC heap after
{Heap after GC invocations=9 (full 1):
 PSYoungGen      total 27136K, used 3572K [0x000001e889d00000, 0x000001e88c180000, 0x000001eddf200000)
  eden space 23552K, 0% used [0x000001e889d00000,0x000001e889d00000,0x000001e88b400000)
  from space 3584K, 99% used [0x000001e88ba80000,0x000001e88bdfd1b8,0x000001e88be00000)
  to   space 6656K, 0% used [0x000001e88b400000,0x000001e88b400000,0x000001e88ba80000)
 ParOldGen       total 68608K, used 14005K [0x000001dddf200000, 0x000001dde3500000, 0x000001e889d00000)
  object space 68608K, 20% used [0x000001dddf200000,0x000001dddffad718,0x000001dde3500000)
 Metaspace       used 24881K, committed 25600K, reserved 1114112K
  class space    used 2407K, committed 2688K, reserved 1048576K
}

Dll operation events (20 events):
Event: 0.151 Attempting to load shared library c:\Users\jyoti\.vscode\extensions\redhat.java-1.56.0-win32-x64\jre\21.0.12.1-win32-x86_64\bin\java.dll
Event: 0.151 Loaded shared library c:\Users\jyoti\.vscode\extensions\redhat.java-1.56.0-win32-x64\jre\21.0.12.1-win32-x86_64\bin\java.dll
Event: 0.905 Attempting to load shared library c:\Users\jyoti\.vscode\extensions\redhat.java-1.56.0-win32-x64\jre\21.0.12.1-win32-x86_64\bin\zip.dll
Event: 0.915 Loaded shared library c:\Users\jyoti\.vscode\extensions\redhat.java-1.56.0-win32-x64\jre\21.0.12.1-win32-x86_64\bin\zip.dll
Event: 1.024 Attempting to load shared library C:\Users\jyoti\.vscode\extensions\redhat.java-1.56.0-win32-x64\jre\21.0.12.1-win32-x86_64\bin\instrument.dll
Event: 1.024 Loaded shared library C:\Users\jyoti\.vscode\extensions\redhat.java-1.56.0-win32-x64\jre\21.0.12.1-win32-x86_64\bin\instrument.dll
Event: 1.038 Attempting to load shared library C:\Users\jyoti\.vscode\extensions\redhat.java-1.56.0-win32-x64\jre\21.0.12.1-win32-x86_64\bin\net.dll
Event: 1.046 Loaded shared library C:\Users\jyoti\.vscode\extensions\redhat.java-1.56.0-win32-x64\jre\21.0.12.1-win32-x86_64\bin\net.dll
Event: 1.050 Attempting to load shared library C:\Users\jyoti\.vscode\extensions\redhat.java-1.56.0-win32-x64\jre\21.0.12.1-win32-x86_64\bin\nio.dll
Event: 1.094 Loaded shared library C:\Users\jyoti\.vscode\extensions\redhat.java-1.56.0-win32-x64\jre\21.0.12.1-win32-x86_64\bin\nio.dll
Event: 1.115 Attempting to load shared library C:\Users\jyoti\.vscode\extensions\redhat.java-1.56.0-win32-x64\jre\21.0.12.1-win32-x86_64\bin\zip.dll
Event: 1.115 Loaded shared library C:\Users\jyoti\.vscode\extensions\redhat.java-1.56.0-win32-x64\jre\21.0.12.1-win32-x86_64\bin\zip.dll
Event: 1.152 Attempting to load shared library C:\Users\jyoti\.vscode\extensions\redhat.java-1.56.0-win32-x64\jre\21.0.12.1-win32-x86_64\bin\jimage.dll
Event: 1.152 Loaded shared library C:\Users\jyoti\.vscode\extensions\redhat.java-1.56.0-win32-x64\jre\21.0.12.1-win32-x86_64\bin\jimage.dll
Event: 1.394 Attempting to load shared library c:\Users\jyoti\.vscode\extensions\redhat.java-1.56.0-win32-x64\jre\21.0.12.1-win32-x86_64\bin\verify.dll
Event: 1.442 Loaded shared library c:\Users\jyoti\.vscode\extensions\redhat.java-1.56.0-win32-x64\jre\21.0.12.1-win32-x86_64\bin\verify.dll
Event: 22.601 Attempting to load shared library C:\Users\jyoti\AppData\Roaming\Code\User\globalStorage\redhat.java\1.56.0\config_ss_win\org.eclipse.equinox.launcher\org.eclipse.equinox.launcher.win32.win32.x86_64_1.3.100.v20260804-1928\eclipse_11924.dll
Event: 22.663 Loaded shared library C:\Users\jyoti\AppData\Roaming\Code\User\globalStorage\redhat.java\1.56.0\config_ss_win\org.eclipse.equinox.launcher\org.eclipse.equinox.launcher.win32.win32.x86_64_1.3.100.v20260804-1928\eclipse_11924.dll
Event: 30.584 Attempting to load shared library C:\Users\jyoti\AppData\Local\Temp\jna-101608309\jna4034151401057645216.dll
Event: 30.713 Loaded shared library C:\Users\jyoti\AppData\Local\Temp\jna-101608309\jna4034151401057645216.dll

Deoptimization events (20 events):
Event: 39.133 Thread 0x000001ddccf6a460 Uncommon trap: trap_request=0xffffffc6 fr.pc=0x000001ddd7d37eec relative=0x000000000000060c
Event: 39.133 Thread 0x000001ddccf6a460 Uncommon trap: reason=bimorphic_or_optimized_type_check action=maybe_recompile pc=0x000001ddd7d37eec method=java.io.FilterInputStream.read([BII)I @ 7 c2
Event: 39.133 Thread 0x000001ddccf6a460 DEOPT PACKING pc=0x000001ddd7d37eec sp=0x000000dc1d2fdd90
Event: 39.133 Thread 0x000001ddccf6a460 DEOPT UNPACKING pc=0x000001ddd76f6da2 sp=0x000000dc1d2fdd68 mode 2
Event: 39.133 Thread 0x000001ddccf6a460 Uncommon trap: trap_request=0xffffffc6 fr.pc=0x000001ddd7d37eec relative=0x000000000000060c
Event: 39.133 Thread 0x000001ddccf6a460 Uncommon trap: reason=bimorphic_or_optimized_type_check action=maybe_recompile pc=0x000001ddd7d37eec method=java.io.FilterInputStream.read([BII)I @ 7 c2
Event: 39.133 Thread 0x000001ddccf6a460 DEOPT PACKING pc=0x000001ddd7d37eec sp=0x000000dc1d2fdd30
Event: 39.133 Thread 0x000001ddccf6a460 DEOPT UNPACKING pc=0x000001ddd76f6da2 sp=0x000000dc1d2fdd08 mode 2
Event: 39.133 Thread 0x000001ddccf6a460 Uncommon trap: trap_request=0xffffffc6 fr.pc=0x000001ddd7d37eec relative=0x000000000000060c
Event: 39.133 Thread 0x000001ddccf6a460 Uncommon trap: reason=bimorphic_or_optimized_type_check action=maybe_recompile pc=0x000001ddd7d37eec method=java.io.FilterInputStream.read([BII)I @ 7 c2
Event: 39.133 Thread 0x000001ddccf6a460 DEOPT PACKING pc=0x000001ddd7d37eec sp=0x000000dc1d2fdd90
Event: 39.133 Thread 0x000001ddccf6a460 DEOPT UNPACKING pc=0x000001ddd76f6da2 sp=0x000000dc1d2fdd68 mode 2
Event: 39.198 Thread 0x000001eead6ef1f0 Uncommon trap: trap_request=0xffffff45 fr.pc=0x000001ddd7d7dcc8 relative=0x0000000000000ec8
Event: 39.198 Thread 0x000001eead6ef1f0 Uncommon trap: reason=unstable_if action=reinterpret pc=0x000001ddd7d7dcc8 method=java.util.Properties.loadConvert([CIILjava/lang/StringBuilder;)Ljava/lang/String; @ 477 c2
Event: 39.198 Thread 0x000001eead6ef1f0 DEOPT PACKING pc=0x000001ddd7d7dcc8 sp=0x000000dc1eafd9c0
Event: 39.198 Thread 0x000001eead6ef1f0 DEOPT UNPACKING pc=0x000001ddd76f6da2 sp=0x000000dc1eafd9b0 mode 2
Event: 39.322 Thread 0x000001eead6ef1f0 Uncommon trap: trap_request=0xffffff45 fr.pc=0x000001ddd7dae228 relative=0x00000000000001e8
Event: 39.322 Thread 0x000001eead6ef1f0 Uncommon trap: reason=unstable_if action=reinterpret pc=0x000001ddd7dae228 method=java.util.concurrent.locks.ReentrantReadWriteLock$Sync.tryAcquireShared(I)I @ 55 c2
Event: 39.322 Thread 0x000001eead6ef1f0 DEOPT PACKING pc=0x000001ddd7dae228 sp=0x000000dc1eafdc80
Event: 39.323 Thread 0x000001eead6ef1f0 DEOPT UNPACKING pc=0x000001ddd76f6da2 sp=0x000000dc1eafdc00 mode 2

Classes loaded (20 events):
Event: 38.006 Loading class sun/nio/ch/Invoker$GroupAndInvokeCount
Event: 38.007 Loading class sun/nio/ch/Invoker$GroupAndInvokeCount done
Event: 38.012 Loading class sun/nio/ch/PendingIoCache
Event: 38.013 Loading class sun/nio/ch/PendingIoCache done
Event: 39.075 Loading class java/util/concurrent/locks/ReentrantReadWriteLock$Sync$HoldCounter
Event: 39.075 Loading class java/util/concurrent/locks/ReentrantReadWriteLock$Sync$HoldCounter done
Event: 39.095 Loading class javax/xml/parsers/FactoryConfigurationError
Event: 39.095 Loading class javax/xml/parsers/FactoryConfigurationError done
Event: 39.141 Loading class java/io/PrintWriter$1
Event: 39.141 Loading class jdk/internal/access/JavaIOPrintWriterAccess
Event: 39.142 Loading class jdk/internal/access/JavaIOPrintWriterAccess done
Event: 39.142 Loading class java/io/PrintWriter$1 done
Event: 39.142 Loading class java/lang/Throwable$WrappedPrintWriter
Event: 39.144 Loading class java/lang/Throwable$PrintStreamOrWriter
Event: 39.148 Loading class java/lang/Throwable$PrintStreamOrWriter done
Event: 39.148 Loading class java/lang/Throwable$WrappedPrintWriter done
Event: 39.344 Loading class java/util/Hashtable$KeySet
Event: 39.344 Loading class java/util/Hashtable$KeySet done
Event: 39.355 Loading class java/io/UncheckedIOException
Event: 39.356 Loading class java/io/UncheckedIOException done

Classes unloaded (7 events):
Event: 34.253 Thread 0x000001ddcd02c570 Unloading class 0x000001ee6918d400 'java/lang/invoke/LambdaForm$MH+0x000001ee6918d400'
Event: 34.253 Thread 0x000001ddcd02c570 Unloading class 0x000001ee6918d000 'java/lang/invoke/LambdaForm$MH+0x000001ee6918d000'
Event: 34.253 Thread 0x000001ddcd02c570 Unloading class 0x000001ee6918cc00 'java/lang/invoke/LambdaForm$MH+0x000001ee6918cc00'
Event: 34.253 Thread 0x000001ddcd02c570 Unloading class 0x000001ee6918c800 'java/lang/invoke/LambdaForm$MH+0x000001ee6918c800'
Event: 34.253 Thread 0x000001ddcd02c570 Unloading class 0x000001ee6918c400 'java/lang/invoke/LambdaForm$BMH+0x000001ee6918c400'
Event: 34.253 Thread 0x000001ddcd02c570 Unloading class 0x000001ee6918c000 'java/lang/invoke/LambdaForm$DMH+0x000001ee6918c000'
Event: 34.253 Thread 0x000001ddcd02c570 Unloading class 0x000001ee6918ac00 'java/lang/invoke/LambdaForm$DMH+0x000001ee6918ac00'

Classes redefined (0 events):
No events

Internal exceptions (20 events):
Event: 34.794 Thread 0x000001eead35a910 Exception <a 'java/io/FileNotFoundException'{0x000001e889e10218}> (0x000001e889e10218) 
thrown [s\src\hotspot\share\prims\jni.cpp, line 520]
Event: 34.795 Thread 0x000001eead35a910 Exception <a 'java/io/FileNotFoundException'{0x000001e889e11510}> (0x000001e889e11510) 
thrown [s\src\hotspot\share\prims\jni.cpp, line 520]
Event: 35.562 Thread 0x000001eead35a910 Exception <a 'java/lang/ClassNotFoundException'{0x000001e88a7944a8}: com/sun/org/apache/xerces/internal/impl/msg/spi/DOMMessagesProvider> (0x000001e88a7944a8) 
thrown [s\src\hotspot\share\classfile\systemDictionary.cpp, line 313]
Event: 35.570 Thread 0x000001eead35a910 Exception <a 'java/lang/ClassNotFoundException'{0x000001e88a7b2fe8}: com/sun/org/apache/xerces/internal/impl/msg/spi/XMLSerializerMessagesProvider> (0x000001e88a7b2fe8) 
thrown [s\src\hotspot\share\classfile\systemDictionary.cpp, line 313]
Event: 35.575 Thread 0x000001eead35a910 Exception <a 'java/lang/ClassNotFoundException'{0x000001e88a7c11c8}: com/sun/org/apache/xerces/internal/impl/msg/spi/XMLMessagesProvider> (0x000001e88a7c11c8) 
thrown [s\src\hotspot\share\classfile\systemDictionary.cpp, line 313]
Event: 35.697 Thread 0x000001eead35a910 Exception <a 'java/lang/NoSuchMethodError'{0x000001e88aaa1618}: 'java.lang.Object java.lang.invoke.DirectMethodHandle$Holder.newInvokeSpecial(java.lang.Object, int, java.lang.Object, java.lang.Object)'> (0x000001e88aaa1618) 
thrown [s\src\hotspot\share\interpreter\linkResolver.cpp, line 773]
Event: 35.830 Thread 0x000001eead35a910 Exception <a 'sun/nio/fs/WindowsException'{0x000001e88acf6c40}> (0x000001e88acf6c40) 
thrown [s\src\hotspot\share\prims\jni.cpp, line 520]
Event: 36.419 Thread 0x000001eead35a910 Exception <a 'java/lang/ClassNotFoundException'{0x000001e88b3d6488}: com/sun/org/apache/xml/internal/serializer/spi/XMLEntitiesProvider> (0x000001e88b3d6488) 
thrown [s\src\hotspot\share\classfile\systemDictionary.cpp, line 313]
Event: 37.660 Thread 0x000001eead35a910 Exception <a 'java/io/FileNotFoundException'{0x000001e88a00ef18}> (0x000001e88a00ef18) 
thrown [s\src\hotspot\share\prims\jni.cpp, line 520]
Event: 37.770 Thread 0x000001eead35a910 Exception <a 'java/lang/UnsatisfiedLinkError'{0x000001e88a12f668}: The specified procedure could not be found.
> (0x000001e88a12f668) 
thrown [s\src\hotspot\share\prims\jni.cpp, line 539]
Event: 37.784 Thread 0x000001eead35a910 Exception <a 'java/io/FileNotFoundException'{0x000001e88a1494e0}> (0x000001e88a1494e0) 
thrown [s\src\hotspot\share\prims\jni.cpp, line 520]
Event: 37.818 Thread 0x000001eead35a910 Exception <a 'java/io/FileNotFoundException'{0x000001e88a1d0c00}> (0x000001e88a1d0c00) 
thrown [s\src\hotspot\share\prims\jni.cpp, line 520]
Event: 37.826 Thread 0x000001eead35a910 Exception <a 'java/lang/UnsatisfiedLinkError'{0x000001e88a205d50}: The specified procedure could not be found.
> (0x000001e88a205d50) 
thrown [s\src\hotspot\share\prims\jni.cpp, line 539]
Event: 37.968 Thread 0x000001ddccf6a460 Exception <a 'java/lang/NoSuchMethodError'{0x000001e88a47ac60}: 'java.lang.Object java.lang.invoke.DirectMethodHandle$Holder.invokeStatic(java.lang.Object, long, java.lang.Object)'> (0x000001e88a47ac60) 
thrown [s\src\hotspot\share\interpreter\linkResolver.cpp, line 773]
Event: 37.969 Thread 0x000001ddccf6a460 Exception <a 'java/lang/NoSuchMethodError'{0x000001e88a47f0e0}: 'java.lang.Object java.lang.invoke.DirectMethodHandle$Holder.invokeStaticInit(java.lang.Object, long, java.lang.Object)'> (0x000001e88a47f0e0) 
thrown [s\src\hotspot\share\interpreter\linkResolver.cpp, line 773]
Event: 37.970 Thread 0x000001ddccf6a460 Exception <a 'java/lang/NoSuchMethodError'{0x000001e88a486470}: 'java.lang.Object java.lang.invoke.DirectMethodHandle$Holder.newInvokeSpecial(java.lang.Object, long)'> (0x000001e88a486470) 
thrown [s\src\hotspot\share\interpreter\linkResolver.cpp, line 773]
Event: 39.069 Thread 0x000001ddccf6a460 Exception <a 'java/lang/RuntimeException'{0x000001e88a5971b0}: snapshot not available> (0x000001e88a5971b0) 
thrown [s\src\hotspot\share\prims\jni.cpp, line 539]
Event: 39.345 Thread 0x000001eead6ee4d0 Exception <a 'java/io/FileNotFoundException'{0x000001e88ac12b60}> (0x000001e88ac12b60) 
thrown [s\src\hotspot\share\prims\jni.cpp, line 520]
Event: 39.346 Thread 0x000001eead6ee4d0 Exception <a 'java/io/FileNotFoundException'{0x000001e88ac14160}> (0x000001e88ac14160) 
thrown [s\src\hotspot\share\prims\jni.cpp, line 520]
Event: 39.346 Thread 0x000001eead6ee4d0 Exception <a 'java/io/FileNotFoundException'{0x000001e88ac15470}> (0x000001e88ac15470) 
thrown [s\src\hotspot\share\prims\jni.cpp, line 520]

ZGC Phase Switch (0 events):
No events

VM Operations (20 events):
Event: 33.268 Executing safepoint VM operation: ParallelGCFailedAllocation (Allocation Failure) done
Event: 34.220 Executing safepoint VM operation: CollectForMetadataAllocation (Metadata GC Threshold)
Event: 34.292 Executing safepoint VM operation: CollectForMetadataAllocation (Metadata GC Threshold) done
Event: 34.776 Executing safepoint VM operation: ParallelGCFailedAllocation (Allocation Failure)
Event: 34.781 Executing safepoint VM operation: ParallelGCFailedAllocation (Allocation Failure) done
Event: 35.788 Executing safepoint VM operation: Cleanup
Event: 35.788 Executing safepoint VM operation: Cleanup done
Event: 35.798 Executing non-safepoint VM operation: HandshakeAllThreads (Deoptimize)
Event: 35.798 Executing non-safepoint VM operation: HandshakeAllThreads (Deoptimize) done
Event: 36.045 Executing non-safepoint VM operation: HandshakeAllThreads (Deoptimize)
Event: 36.045 Executing non-safepoint VM operation: HandshakeAllThreads (Deoptimize) done
Event: 36.631 Executing safepoint VM operation: ParallelGCFailedAllocation (Allocation Failure)
Event: 36.639 Executing safepoint VM operation: ParallelGCFailedAllocation (Allocation Failure) done
Event: 36.652 Executing non-safepoint VM operation: HandshakeAllThreads (Deoptimize)
Event: 36.652 Executing non-safepoint VM operation: HandshakeAllThreads (Deoptimize) done
Event: 37.667 Executing safepoint VM operation: Cleanup
Event: 37.683 Executing safepoint VM operation: Cleanup done
Event: 38.694 Executing safepoint VM operation: Cleanup
Event: 39.069 Executing safepoint VM operation: Cleanup done
Event: 40.078 Executing safepoint VM operation: Cleanup

Memory protections (0 events):
No events

Nmethod flushes (0 events):
No events

Events (20 events):
Event: 0.934 Thread 0x000001ee67359b10 Thread added: 0x000001eead096f60
Event: 1.034 Thread 0x000001ddccf6a460 Thread added: 0x000001eead1b3370
Event: 1.125 Thread 0x000001eead096f60 Thread exited: 0x000001eead096f60
Event: 1.755 Thread 0x000001ddccf6a460 Thread added: 0x000001eead26bde0
Event: 6.080 Thread 0x000001ddccf6a460 Thread added: 0x000001eeadacf780
Event: 22.550 Thread 0x000001ddccf6a460 Thread added: 0x000001eead4d8440
Event: 22.596 Thread 0x000001ddccf6a460 Thread added: 0x000001eead35a910
Event: 22.876 Thread 0x000001eead35a910 Thread added: 0x000001ee673fa950
Event: 27.203 Thread 0x000001eead35a910 Thread added: 0x000001eeadd71fe0
Event: 30.937 Thread 0x000001eead35a910 Thread added: 0x000001eead7855b0
Event: 31.790 Thread 0x000001eead35a910 Thread added: 0x000001eead7864c0
Event: 31.859 Thread 0x000001eead35a910 Thread added: 0x000001eead6ef1f0
Event: 35.640 Thread 0x000001eead35a910 Thread added: 0x000001eead6ed120
Event: 35.897 Thread 0x000001eead6ed120 Thread exited: 0x000001eead6ed120
Event: 38.000 Thread 0x000001ddccf6a460 Thread added: 0x000001eead6ec400
Event: 38.003 Thread 0x000001ddccf6a460 Thread added: 0x000001eead6eca90
Event: 38.006 Thread 0x000001ddccf6a460 Thread added: 0x000001eead6ed120
Event: 38.010 Thread 0x000001ddccf6a460 Thread added: 0x000001eead6ed7b0
Event: 38.012 Thread 0x000001ddccf6a460 Thread added: 0x000001eead6ede40
Event: 39.155 Thread 0x000001ddccf6a460 Thread added: 0x000001eead6ee4d0


Dynamic libraries:
0x00007ff678210000 - 0x00007ff67821e000 	c:\Users\jyoti\.vscode\extensions\redhat.java-1.56.0-win32-x64\jre\21.0.12.1-win32-x86_64\bin\java.exe
0x00007ffc80a80000 - 0x00007ffc80ce7000 	C:\WINDOWS\SYSTEM32\ntdll.dll
0x00007ffc7ec60000 - 0x00007ffc7ed2b000 	C:\WINDOWS\System32\KERNEL32.DLL
0x00007ffc7e050000 - 0x00007ffc7e452000 	C:\WINDOWS\System32\KERNELBASE.dll
0x00007ffc7e640000 - 0x00007ffc7e78c000 	C:\WINDOWS\System32\ucrtbase.dll
0x00007ffc34590000 - 0x00007ffc345a8000 	c:\Users\jyoti\.vscode\extensions\redhat.java-1.56.0-win32-x64\jre\21.0.12.1-win32-x86_64\bin\jli.dll
0x00007ffc7ed40000 - 0x00007ffc7ef0f000 	C:\WINDOWS\System32\USER32.dll
0x00007ffc7e020000 - 0x00007ffc7e047000 	C:\WINDOWS\System32\win32u.dll
0x00007ffc7e7a0000 - 0x00007ffc7e7cb000 	C:\WINDOWS\System32\GDI32.dll
0x00007ffc7e510000 - 0x00007ffc7e639000 	C:\WINDOWS\System32\gdi32full.dll
0x00007ffc7e460000 - 0x00007ffc7e503000 	C:\WINDOWS\System32\msvcp_win.dll
0x00007ffc2d5c0000 - 0x00007ffc2d5de000 	c:\Users\jyoti\.vscode\extensions\redhat.java-1.56.0-win32-x64\jre\21.0.12.1-win32-x86_64\bin\VCRUNTIME140.dll
0x00007ffc60bc0000 - 0x00007ffc60e50000 	C:\WINDOWS\WinSxS\amd64_microsoft.windows.common-controls_6595b64144ccf1df_6.0.26100.9278_none_3e0d1ba8e3303201\COMCTL32.dll
0x00007ffc7f920000 - 0x00007ffc7f9c9000 	C:\WINDOWS\System32\msvcrt.dll
0x00007ffc7e7d0000 - 0x00007ffc7e801000 	C:\WINDOWS\System32\IMM32.DLL
0x00007ffc68190000 - 0x00007ffc6819c000 	c:\Users\jyoti\.vscode\extensions\redhat.java-1.56.0-win32-x64\jre\21.0.12.1-win32-x86_64\bin\vcruntime140_1.dll
0x00007ffc0eef0000 - 0x00007ffc0ef7d000 	c:\Users\jyoti\.vscode\extensions\redhat.java-1.56.0-win32-x64\jre\21.0.12.1-win32-x86_64\bin\msvcp140.dll
0x00007ffbb82f0000 - 0x00007ffbb9092000 	c:\Users\jyoti\.vscode\extensions\redhat.java-1.56.0-win32-x64\jre\21.0.12.1-win32-x86_64\bin\server\jvm.dll
0x00007ffc7e980000 - 0x00007ffc7ea3c000 	C:\WINDOWS\System32\ADVAPI32.dll
0x00007ffc7f6d0000 - 0x00007ffc7f779000 	C:\WINDOWS\System32\sechost.dll
0x00007ffc7eb40000 - 0x00007ffc7ec58000 	C:\WINDOWS\System32\RPCRT4.dll
0x00007ffc803d0000 - 0x00007ffc80450000 	C:\WINDOWS\System32\WS2_32.dll
0x00007ffc7db00000 - 0x00007ffc7db5e000 	C:\WINDOWS\SYSTEM32\POWRPROF.dll
0x00007ffc75de0000 - 0x00007ffc75e16000 	C:\WINDOWS\SYSTEM32\WINMM.dll
0x00007ffc6d910000 - 0x00007ffc6d91b000 	C:\WINDOWS\SYSTEM32\VERSION.dll
0x00007ffc7dae0000 - 0x00007ffc7daf5000 	C:\WINDOWS\SYSTEM32\UMPDC.dll
0x00007ffc7c950000 - 0x00007ffc7c96b000 	C:\WINDOWS\SYSTEM32\kernel.appcore.dll
0x00007ffc669d0000 - 0x00007ffc669da000 	c:\Users\jyoti\.vscode\extensions\redhat.java-1.56.0-win32-x64\jre\21.0.12.1-win32-x86_64\bin\jimage.dll
0x00007ffc7b080000 - 0x00007ffc7b2cc000 	C:\WINDOWS\SYSTEM32\DBGHELP.DLL
0x00007ffc7f340000 - 0x00007ffc7f6c5000 	C:\WINDOWS\System32\combase.dll
0x00007ffc7f260000 - 0x00007ffc7f339000 	C:\WINDOWS\System32\OLEAUT32.dll
0x00007ffc5dad0000 - 0x00007ffc5db0b000 	C:\WINDOWS\SYSTEM32\dbgcore.DLL
0x00007ffc7dc80000 - 0x00007ffc7dd2c000 	C:\WINDOWS\System32\bcryptPrimitives.dll
0x00007ffc66970000 - 0x00007ffc6697f000 	c:\Users\jyoti\.vscode\extensions\redhat.java-1.56.0-win32-x64\jre\21.0.12.1-win32-x86_64\bin\instrument.dll
0x00007ffc26790000 - 0x00007ffc267b0000 	c:\Users\jyoti\.vscode\extensions\redhat.java-1.56.0-win32-x64\jre\21.0.12.1-win32-x86_64\bin\java.dll
0x00007ffc7fb30000 - 0x00007ffc802c8000 	C:\WINDOWS\System32\SHELL32.dll
0x00007ffc7b680000 - 0x00007ffc7bf2e000 	C:\WINDOWS\SYSTEM32\windows.storage.dll
0x00007ffc80460000 - 0x00007ffc8055b000 	C:\WINDOWS\System32\SHCORE.dll
0x00007ffc7ead0000 - 0x00007ffc7eb36000 	C:\WINDOWS\System32\shlwapi.dll
0x00007ffc7dba0000 - 0x00007ffc7dbc9000 	C:\WINDOWS\SYSTEM32\profapi.dll
0x00007ffc23f60000 - 0x00007ffc23f78000 	c:\Users\jyoti\.vscode\extensions\redhat.java-1.56.0-win32-x64\jre\21.0.12.1-win32-x86_64\bin\zip.dll
0x00007ffc66930000 - 0x00007ffc66940000 	C:\Users\jyoti\.vscode\extensions\redhat.java-1.56.0-win32-x64\jre\21.0.12.1-win32-x86_64\bin\net.dll
0x00007ffc6f0e0000 - 0x00007ffc6f20a000 	C:\WINDOWS\SYSTEM32\WINHTTP.dll
0x00007ffc7cf10000 - 0x00007ffc7cf7c000 	C:\WINDOWS\system32\mswsock.dll
0x00007ffc23f40000 - 0x00007ffc23f56000 	C:\Users\jyoti\.vscode\extensions\redhat.java-1.56.0-win32-x64\jre\21.0.12.1-win32-x86_64\bin\nio.dll
0x00007ffc662f0000 - 0x00007ffc66300000 	c:\Users\jyoti\.vscode\extensions\redhat.java-1.56.0-win32-x64\jre\21.0.12.1-win32-x86_64\bin\verify.dll
0x00007ffc0e2c0000 - 0x00007ffc0e305000 	C:\Users\jyoti\AppData\Roaming\Code\User\globalStorage\redhat.java\1.56.0\config_ss_win\org.eclipse.equinox.launcher\org.eclipse.equinox.launcher.win32.win32.x86_64_1.3.100.v20260804-1928\eclipse_11924.dll
0x00007ffc7f780000 - 0x00007ffc7f91a000 	C:\WINDOWS\System32\ole32.dll
0x00007ffc7d200000 - 0x00007ffc7d21b000 	C:\WINDOWS\SYSTEM32\CRYPTSP.dll
0x00007ffc7c8b0000 - 0x00007ffc7c8e9000 	C:\WINDOWS\system32\rsaenh.dll
0x00007ffc7cfc0000 - 0x00007ffc7cff4000 	C:\WINDOWS\SYSTEM32\USERENV.dll
0x00007ffc7db70000 - 0x00007ffc7db9a000 	C:\WINDOWS\SYSTEM32\bcrypt.dll
0x00007ffc7d220000 - 0x00007ffc7d22c000 	C:\WINDOWS\SYSTEM32\CRYPTBASE.dll
0x00007ffc7c210000 - 0x00007ffc7c243000 	C:\WINDOWS\SYSTEM32\IPHLPAPI.DLL
0x00007ffc7ed30000 - 0x00007ffc7ed3a000 	C:\WINDOWS\System32\NSI.dll
0x00007ffc02220000 - 0x00007ffc02269000 	C:\Users\jyoti\AppData\Local\Temp\jna-101608309\jna4034151401057645216.dll
0x00007ffc7fa90000 - 0x00007ffc7fa98000 	C:\WINDOWS\System32\PSAPI.DLL
0x00007ffc77fd0000 - 0x00007ffc77fed000 	C:\WINDOWS\SYSTEM32\dhcpcsvc6.DLL
0x00007ffc77fa0000 - 0x00007ffc77fc5000 	C:\WINDOWS\SYSTEM32\dhcpcsvc.DLL

JVMTI agents:
c:\Users\jyoti\.vscode\extensions\redhat.java-1.56.0-win32-x64\lombok\lombok-1.18.39-4050.jar path:c:\Users\jyoti\.vscode\extensions\redhat.java-1.56.0-win32-x64\jre\21.0.12.1-win32-x86_64\bin\instrument.dll, loaded, initialized, instrumentlib options:none

dbghelp: loaded successfully - version: 4.0.5 - missing functions: none
symbol engine: initialized successfully - sym options: 0x614 - pdb path: .;c:\Users\jyoti\.vscode\extensions\redhat.java-1.56.0-win32-x64\jre\21.0.12.1-win32-x86_64\bin;C:\WINDOWS\SYSTEM32;C:\WINDOWS\WinSxS\amd64_microsoft.windows.common-controls_6595b64144ccf1df_6.0.26100.9278_none_3e0d1ba8e3303201;c:\Users\jyoti\.vscode\extensions\redhat.java-1.56.0-win32-x64\jre\21.0.12.1-win32-x86_64\bin\server;C:\Users\jyoti\AppData\Roaming\Code\User\globalStorage\redhat.java\1.56.0\config_ss_win\org.eclipse.equinox.launcher\org.eclipse.equinox.launcher.win32.win32.x86_64_1.3.100.v20260804-1928;C:\Users\jyoti\AppData\Local\Temp\jna-101608309

VM Arguments:
jvm_args: --add-modules=ALL-SYSTEM --add-opens=java.base/java.util=ALL-UNNAMED --add-opens=java.base/java.lang=ALL-UNNAMED --add-opens=java.base/sun.nio.fs=ALL-UNNAMED -Declipse.application=org.eclipse.jdt.ls.core.id1 -Dosgi.bundles.defaultStartLevel=4 -Declipse.product=org.eclipse.jdt.ls.core.product -Djava.import.generatesMetadataFilesAtProjectRoot=false -Dm2e.project.cache.size=50 -DDetectVMInstallationsJob.disabled=true -Dfile.encoding=utf8 -XX:+UseParallelGC -XX:GCTimeRatio=4 -XX:AdaptiveSizePolicyWeight=90 -Dsun.zip.disableMemoryMapping=true -Xmx64G -Xms100m -Xlog:disable -javaagent:c:\Users\jyoti\.vscode\extensions\redhat.java-1.56.0-win32-x64\lombok\lombok-1.18.39-4050.jar 
java_command: c:\Users\jyoti\.vscode\extensions\redhat.java-1.56.0-win32-x64\server\plugins\org.eclipse.equinox.launcher_1.8.0.v20260804-1928.jar -configuration c:\Users\jyoti\AppData\Roaming\Code\User\globalStorage\redhat.java\1.56.0\config_ss_win -data c:\Users\jyoti\AppData\Roaming\Code\User\workspaceStorage\6018263688046f79c52b8031de34256b\redhat.java\ss_ws --pipe=\\.\pipe\lsp-17d752eb7efceb46094ba4e72032bc0b-sock
java_class_path (initial): c:\Users\jyoti\.vscode\extensions\redhat.java-1.56.0-win32-x64\server\plugins\org.eclipse.equinox.launcher_1.8.0.v20260804-1928.jar
Launcher Type: SUN_STANDARD

[Global flags]
    uintx AdaptiveSizePolicyWeight                 = 90                                        {product} {command line}
     intx CICompilerCount                          = 3                                         {product} {ergonomic}
    uintx GCTimeRatio                              = 4                                         {product} {command line}
   size_t InitialHeapSize                          = 104857600                                 {product} {command line}
   size_t MaxHeapSize                              = 68719476736                               {product} {command line}
   size_t MaxNewSize                               = 22906142720                               {product} {ergonomic}
   size_t MinHeapDeltaBytes                        = 524288                                    {product} {ergonomic}
   size_t MinHeapSize                              = 104857600                                 {product} {command line}
   size_t NewSize                                  = 34603008                                  {product} {ergonomic}
    uintx NonNMethodCodeHeapSize                   = 5832780                                {pd product} {ergonomic}
    uintx NonProfiledCodeHeapSize                  = 122912730                              {pd product} {ergonomic}
   size_t OldSize                                  = 70254592                                  {product} {ergonomic}
    uintx ProfiledCodeHeapSize                     = 122912730                              {pd product} {ergonomic}
    uintx ReservedCodeCacheSize                    = 251658240                              {pd product} {ergonomic}
     bool SegmentedCodeCache                       = true                                      {product} {ergonomic}
   size_t SoftMaxHeapSize                          = 68719476736                            {manageable} {ergonomic}
     bool UseLargePagesIndividualAllocation        = false                                  {pd product} {ergonomic}
     bool UseParallelGC                            = true                                      {product} {command line}

Logging:
Log output configuration:
 #0: stdout all=off uptime,level,tags foldmultilines=false
 #1: stderr all=off uptime,level,tags foldmultilines=false

Release file:
JAVA_VERSION="21.0.12.1" 
MODULES="java.base java.compiler java.datatransfer java.xml java.prefs java.desktop java.instrument java.logging java.management java.security.sasl java.naming java.rmi java.management.rmi java.net.http java.scripting java.security.jgss java.transaction.xa java.sql java.sql.rowset java.xml.crypto java.se java.smartcardio jdk.accessibility jdk.internal.jvmstat jdk.attach jdk.charsets jdk.internal.opt jdk.zipfs jdk.compiler jdk.crypto.ec jdk.crypto.cryptoki jdk.crypto.mscapi jdk.dynalink jdk.internal.ed jdk.editpad jdk.hotspot.agent jdk.httpserver jdk.internal.le jdk.internal.vm.ci jdk.internal.vm.compiler jdk.internal.vm.compiler.management jdk.jartool jdk.javadoc jdk.jcmd jdk.management jdk.management.agent jdk.jconsole jdk.jdeps jdk.jdwp.agent jdk.jdi jdk.jfr jdk.jshell jdk.jsobject jdk.jstatd jdk.localedata jdk.management.jfr jdk.naming.dns jdk.naming.rmi jdk.net jdk.nio.mapmode jdk.random jdk.sctp jdk.security.auth jdk.security.jgss jdk.unsupported jdk.unsupported.desktop jdk.xml.dom" 

Environment Variables:
PATH=C:\Program Files\Common Files\Oracle\Java\javapath;C:\Program Files (x86)\Common Files\Oracle\Java\javapath;C:\WINDOWS\system32;C:\WINDOWS;C:\WINDOWS\System32\Wbem;C:\WINDOWS\System32\WindowsPowerShell\v1.0\;C:\WINDOWS\System32\OpenSSH\;C:\Program Files\nodejs\;C:\ProgramData\chocolatey\bin;C:\Program Files\dotnet\;C:\Program Files\Git\cmd;C:\Users\jyoti\AppData\Local\Microsoft\WindowsApps;C:\Users\jyoti\AppData\Local\GitHubDesktop\bin;C:\Users\jyoti\AppData\Local\Programs\Microsoft VS Code\bin;C:\Users\jyoti\AppData\Roaming\npm;C:\Users\jyoti\AppData\Local\Programs\cursor\resources\app\bin;C:\msys64\ucrt64\bin;
USERNAME=jyoti
OS=Windows_NT
PROCESSOR_IDENTIFIER=Intel64 Family 6 Model 140 Stepping 1, GenuineIntel
TMP=C:\Users\jyoti\AppData\Local\Temp
TEMP=C:\Users\jyoti\AppData\Local\Temp




Periodic native trim disabled

---------------  S Y S T E M  ---------------

OS:
 Windows 11 , 64 bit Build 26100 (10.0.26100.9444)
OS uptime: 4 days 3:33 hours
Hyper-V role detected

CPU: total 4 (initial active 4) (2 cores per cpu, 2 threads per core) family 6 model 140 stepping 1 microcode 0xbe, cx8, cmov, fxsr, ht, mmx, 3dnowpref, sse, sse2, sse3, ssse3, sse4.1, sse4.2, popcnt, lzcnt, tsc, tscinvbit, avx, avx2, aes, erms, clmul, bmi1, bmi2, adx, avx512f, avx512dq, avx512cd, avx512bw, avx512vl, sha, fma, vzeroupper, avx512_vpopcntdq, avx512_vpclmulqdq, avx512_vaes, avx512_vnni, clflush, clflushopt, clwb, avx512_vbmi2, avx512_vbmi, hv, rdtscp, rdpid, fsrm, gfni, avx512_bitalg, f16c, cet_ibt, cet_ss, avx512_ifma
Processor Information for processor 0
  Max Mhz: 2995, Current Mhz: 2995, Mhz Limit: 2995
Processor Information for processor 1
  Max Mhz: 2995, Current Mhz: 2995, Mhz Limit: 2995
Processor Information for processor 2
  Max Mhz: 2995, Current Mhz: 2995, Mhz Limit: 2995
Processor Information for processor 3
  Max Mhz: 2995, Current Mhz: 998, Mhz Limit: 2995

Memory: 4k page, system-wide physical 7926M (337M free)
TotalPageFile size 22540M (AvailPageFile size 2156M)
current process WorkingSet (physical memory assigned to process): 148M, peak: 155M
current process commit charge ("private bytes"): 2383M, peak: 2390M

vm_info: OpenJDK 64-Bit Server VM (21.0.12.1+1-LTS) for windows-amd64 JRE (21.0.12.1+1-LTS), built on 2026-08-18T00:00:00Z by "admin" with MS VC++ 17.12 (VS2022)

END.
